'euler_smooth_force_blowup' depends on axioms: [propext, Classical.choice, Quot.sound]
'EulerBlowup.Num.Cert.theorem01prime' depends on axioms: [propext, Classical.choice, Quot.sound]
	Command being timed: "lake env lean scripts/PrintAxioms.lean"
	User time (seconds): 4.51
	System time (seconds): 2.83
	Percent of CPU this job got: 100%
	Elapsed (wall clock) time (h:mm:ss or m:ss): 0:07.33
	Average shared text size (kbytes): 0
	Average unshared data size (kbytes): 0
	Average stack size (kbytes): 0
	Average total size (kbytes): 0
	Maximum resident set size (kbytes): 7848264
	Average resident set size (kbytes): 0
	Major (requiring I/O) page faults: 0
	Minor (reclaiming a frame) page faults: 198989
	Voluntary context switches: 1121
	Involuntary context switches: 617
	Swaps: 0
	File system inputs: 2352
	File system outputs: 0
	Socket messages sent: 0
	Socket messages received: 0
	Signals delivered: 0
	Page size (bytes): 4096
	Exit status: 0
