'forced_boussinesq_affine_core_blowup' depends on axioms: [propext, Classical.choice, Quot.sound]
'AffineCore.Theorem1_Statement.proof' depends on axioms: [propext, Classical.choice, Quot.sound]
	Command being timed: "lake env lean scripts/PrintAxioms.lean"
	User time (seconds): 4.03
	System time (seconds): 2.82
	Percent of CPU this job got: 100%
	Elapsed (wall clock) time (h:mm:ss or m:ss): 0:06.82
	Average shared text size (kbytes): 0
	Average unshared data size (kbytes): 0
	Average stack size (kbytes): 0
	Average total size (kbytes): 0
	Maximum resident set size (kbytes): 7240828
	Average resident set size (kbytes): 0
	Major (requiring I/O) page faults: 0
	Minor (reclaiming a frame) page faults: 176862
	Voluntary context switches: 976
	Involuntary context switches: 562
	Swaps: 0
	File system inputs: 0
	File system outputs: 0
	Socket messages sent: 0
	Socket messages received: 0
	Signals delivered: 0
	Page size (bytes): 4096
	Exit status: 0
