'boussinesq_smooth_force_blowup' depends on axioms: [propext, Classical.choice, Quot.sound]
'BoussinesqBlowup.Num.Cert.theorem01' depends on axioms: [propext, Classical.choice, Quot.sound]
	Command being timed: "lake env lean scripts/PrintAxioms.lean"
	User time (seconds): 4.59
	System time (seconds): 2.92
	Percent of CPU this job got: 100%
	Elapsed (wall clock) time (h:mm:ss or m:ss): 0:07.47
	Average shared text size (kbytes): 0
	Average unshared data size (kbytes): 0
	Average stack size (kbytes): 0
	Average total size (kbytes): 0
	Maximum resident set size (kbytes): 7589612
	Average resident set size (kbytes): 0
	Major (requiring I/O) page faults: 0
	Minor (reclaiming a frame) page faults: 194739
	Voluntary context switches: 869
	Involuntary context switches: 536
	Swaps: 0
	File system inputs: 0
	File system outputs: 0
	Socket messages sent: 0
	Socket messages received: 0
	Signals delivered: 0
	Page size (bytes): 4096
	Exit status: 0
