scripts/PrintAxioms.lean:1:0: error: unknown module prefix 'Solution'

No directory 'Solution' or file 'Solution.olean' in the search path entries:
/var/lib/lean-verification/work/buckmaster/affinecore/.lake/packages/Cli/.lake/build/lib/lean
/var/lib/lean-verification/work/buckmaster/affinecore/.lake/packages/batteries/.lake/build/lib/lean
/var/lib/lean-verification/work/buckmaster/affinecore/.lake/packages/Qq/.lake/build/lib/lean
/var/lib/lean-verification/work/buckmaster/affinecore/.lake/packages/aesop/.lake/build/lib/lean
/var/lib/lean-verification/work/buckmaster/affinecore/.lake/packages/proofwidgets/.lake/build/lib/lean
/var/lib/lean-verification/work/buckmaster/affinecore/.lake/packages/importGraph/.lake/build/lib/lean
/var/lib/lean-verification/work/buckmaster/affinecore/.lake/packages/LeanSearchClient/.lake/build/lib/lean
/var/lib/lean-verification/work/buckmaster/affinecore/.lake/packages/plausible/.lake/build/lib/lean
/var/lib/lean-verification/work/buckmaster/affinecore/.lake/packages/mathlib/.lake/build/lib/lean
/var/lib/lean-verification/work/buckmaster/affinecore/.lake/build/lib/lean
/home/verifier/.elan/toolchains/leanprover--lean4---v4.32.2/lib/lean
/home/verifier/.elan/toolchains/leanprover--lean4---v4.32.2/lib/lean
Command exited with non-zero status 1
	Command being timed: "lake env lean scripts/PrintAxioms.lean"
	User time (seconds): 1.62
	System time (seconds): 0.89
	Percent of CPU this job got: 102%
	Elapsed (wall clock) time (h:mm:ss or m:ss): 0:02.46
	Average shared text size (kbytes): 0
	Average unshared data size (kbytes): 0
	Average stack size (kbytes): 0
	Average total size (kbytes): 0
	Maximum resident set size (kbytes): 828132
	Average resident set size (kbytes): 0
	Major (requiring I/O) page faults: 0
	Minor (reclaiming a frame) page faults: 74211
	Voluntary context switches: 107
	Involuntary context switches: 190
	Swaps: 0
	File system inputs: 8
	File system outputs: 2216
	Socket messages sent: 0
	Socket messages received: 0
	Signals delivered: 0
	Page size (bytes): 4096
	Exit status: 1
